
> tmp-react@0.0.0 build
> npx prisma generate && next build

node.exe : warn The configuration property 
`package.json#prisma` is deprecated and will be 
removed in Prisma 7. Please migrate to a Prisma config 
file (e.g., `prisma.config.ts`).
At line:1 char:1
+ & "C:\Program Files\nodejs/node.exe" "C:\Program 
Files\nodejs/node_mo ...
+ ~~~~~~~~~~~~~~~~~~~~~~~~~~~~~~~~~~~~~~~~~~~~~~~~~~~~~
~~~~~~~~~~~~~~~~
    + CategoryInfo          : NotSpecified: (warn The  
   config...ma.config.ts`).:String) [], RemoteExcepti  
  on
    + FullyQualifiedErrorId : NativeCommandError
 
For more information, see: 
https://pris.ly/prisma-config

Prisma schema loaded from prisma\schema.prisma
Error: 
EPERM: operation not permitted, rename 
'C:\Users\Suhail - CGIT\Desktop\Playground_StagKashmir_
VPS+Coolify+Anitigravity\node_modules\.prisma\client\qu
ery_engine-windows.dll.node.tmp12216' -> 
'C:\Users\Suhail - CGIT\Desktop\Playground_StagKashmir_
VPS+Coolify+Anitigravity\node_modules\.prisma\client\qu
ery_engine-windows.dll.node'


